Microsoft (R) Macro Assembler Version 6.14.8444		    02/26/17 13:31:50
a.asm							     Page 1 - 1


				include console.inc
			      C .NOLIST
			      C .LIST
			      C 
			      C 
			      C ;include masm32.inc
			      C 
			      C    includelib masm32.lib
			      C    includelib user32.lib
			      C    includelib kernel32.lib
			      C    includelib msvcrt.lib
			      C    includelib io_proc.lib
			      C    
			      C 

				COMMENT *
				   Отладочный модуль
				*

 00000019			.data
 00000019 FFFFFDD5		X   dd -555
 0000001D			Y   dq -1234567890123456789
	   EEDDEF0B82167EEB
 00000025 58 3D 25 49 36	fmt db "X=%I64d",0
	   34 64 00
 0000002D  00000014 [		buf db 20 dup ('*'),0
	    2A
	   ] 00

 00000000			.code
 00000000			Start:
				   ConsoleTitle "Проверка sprintf"
				   
				;outnumln X,,,"outnumln ="
				;outnumln X,,d,"outnumln d="
				;outnumln X,,x,"outnumln x="
				;outnumln X,,X,"outnumln X="
				;outnumln X,,b,"outnumln b="

				outnumln Y,,,"outnumln Yd="
				outnumln Y,,X,"outnumln YX="
				outnumln Y,,u,"outnumln Yu="
				outnumln X,,b,"outnumln Xb="
				outnumln Y,,b,"outnumln Yb="

				outintln Y,30,"outintln Y="
 00000A60  8D 05 0000001D R	lea eax,Y
				outintln qword ptr [eax],30,"outintln Y="
				outwordln Y,30,"outwordln Y="
				;   invoke crt_printf,offset fmt,Y
				;newline

				exit

				   invoke crt_sprintf,offset buf,offset fmt,X
				outstrln offset buf
				newline
				   invoke crt_sprintf,offset buf,offset fmt,Y
				outstrln offset buf
				newline

				   pause
				   exit
				   end Start
Microsoft (R) Macro Assembler Version 6.14.8444		    02/26/17 13:31:50
a.asm							     Symbols 2 - 1




Macros:

                N a m e                 Type

??CheckStrToBuf  . . . . . . . .	Proc
??RestoreReg . . . . . . . . . .	Proc
??SaveReg  . . . . . . . . . . .	Proc
ChagePageAttr  . . . . . . . . .	Proc
ClrScr . . . . . . . . . . . . .	Proc
ConsoleMode  . . . . . . . . . .	Proc
ConsoleTitle . . . . . . . . . .	Proc
HeapBlockSize  . . . . . . . . .	Proc
InputStr . . . . . . . . . . . .	Proc
MsgBox . . . . . . . . . . . . .	Proc
NewConsole . . . . . . . . . . .	Proc
RunExe . . . . . . . . . . . . .	Proc
SetScreenSize  . . . . . . . . .	Proc
SetTextAttr  . . . . . . . . . .	Proc
TotalHeapAllocated . . . . . . .	Proc
WhereX . . . . . . . . . . . . .	Proc
WhereY . . . . . . . . . . . . .	Proc
dispose  . . . . . . . . . . . .	Proc
exit . . . . . . . . . . . . . .	Proc
flush  . . . . . . . . . . . . .	Proc
gotoXY . . . . . . . . . . . . .	Proc
inchar . . . . . . . . . . . . .	Proc
inintln  . . . . . . . . . . . .	Proc
inint  . . . . . . . . . . . . .	Proc
newline  . . . . . . . . . . . .	Proc
new  . . . . . . . . . . . . . .	Proc
outchar  . . . . . . . . . . . .	Proc
outdateln  . . . . . . . . . . .	Proc
outdate  . . . . . . . . . . . .	Proc
outintln . . . . . . . . . . . .	Proc
outint . . . . . . . . . . . . .	Proc
outnumln . . . . . . . . . . . .	Proc
outnum . . . . . . . . . . . . .	Proc
outstrln . . . . . . . . . . . .	Proc
outstr . . . . . . . . . . . . .	Proc
outtimeln  . . . . . . . . . . .	Proc
outtime  . . . . . . . . . . . .	Proc
outwordln  . . . . . . . . . . .	Proc
outword  . . . . . . . . . . . .	Proc
pause  . . . . . . . . . . . . .	Proc
readkey  . . . . . . . . . . . .	Proc


Structures and Unions:

                N a m e                  Size
                                         Offset      Type

CONSOLE_SCREEN_BUFFER_INFO . . .	 00000016
  dwSize . . . . . . . . . . . .	 00000000	 DWord
  dwCursorPosition . . . . . . .	 00000004	 DWord
  wAttributes  . . . . . . . . .	 00000008	 Word
  srWindow . . . . . . . . . . .	 0000000A	 QWord
  dwMaximumWindowSize  . . . . .	 00000012	 DWord
COORD  . . . . . . . . . . . . .	 00000004
  x  . . . . . . . . . . . . . .	 00000000	 Word
  y  . . . . . . . . . . . . . .	 00000002	 Word
SMALL_RECT . . . . . . . . . . .	 00000008
  Left . . . . . . . . . . . . .	 00000000	 Word
  Top  . . . . . . . . . . . . .	 00000002	 Word
  Right  . . . . . . . . . . . .	 00000004	 Word
  Bottom . . . . . . . . . . . .	 00000006	 Word
SystemTime . . . . . . . . . . .	 00000010
  wYear  . . . . . . . . . . . .	 00000000	 Word
  wMonth . . . . . . . . . . . .	 00000002	 Word
  wDayOfWeek . . . . . . . . . .	 00000004	 Word
  wDay . . . . . . . . . . . . .	 00000006	 Word
  wHour  . . . . . . . . . . . .	 00000008	 Word
  wMinute  . . . . . . . . . . .	 0000000A	 Word
  wSecond  . . . . . . . . . . .	 0000000C	 Word
  wMilliseconds  . . . . . . . .	 0000000E	 Word


Types:

                N a m e                  Size     Attr

c_msvcrt . . . . . . . . . . . .	 00000004     CODE 


Segments and Groups:

                N a m e                 Size     Length   Align   Combine Class

FLAT . . . . . . . . . . . . . .	GROUP
STACK  . . . . . . . . . . . . .	32 Bit	 00001000 Para	  Stack	  'STACK'	 
_DATA  . . . . . . . . . . . . .	32 Bit	 00001FD5 Para	  Public  'DATA'	
_TEXT  . . . . . . . . . . . . .	32 Bit	 000010CE Para	  Public  'CODE'	


Procedures,  parameters and locals:

                N a m e                 Type     Value    Attr

CharToOemA . . . . . . . . . . .	P Near	 00000000 FLAT	Length= 00000000 External STDCALL
ClearScreen  . . . . . . . . . .	P Near	 00000000 FLAT	Length= 00000000 External STDCALL
ExitProcess  . . . . . . . . . .	P Near	 00000000 FLAT	Length= 00000000 External STDCALL
GetCommandLineA  . . . . . . . .	P Near	 00000000 FLAT	Length= 00000000 External STDCALL
GetConsoleScreenBufferInfo . . .	P Near	 00000000 FLAT	Length= 00000000 External STDCALL
GetModuleHandleA . . . . . . . .	P Near	 00000000 FLAT	Length= 00000000 External STDCALL
GetStdHandle . . . . . . . . . .	P Near	 00000000 FLAT	Length= 00000000 External STDCALL
GetSystemMetrics . . . . . . . .	P Near	 00000000 FLAT	Length= 00000000 External STDCALL
GetSystemTime  . . . . . . . . .	P Near	 00000000 FLAT	Length= 00000000 External STDCALL
GlobalAlloc  . . . . . . . . . .	P Near	 00000000 FLAT	Length= 00000000 External STDCALL
GlobalFree . . . . . . . . . . .	P Near	 00000000 FLAT	Length= 00000000 External STDCALL
GlobalSize . . . . . . . . . . .	P Near	 00000000 FLAT	Length= 00000000 External STDCALL
MessageBoxA  . . . . . . . . . .	P Near	 00000000 FLAT	Length= 00000000 External STDCALL
MessageBoxIndirectA  . . . . . .	P Near	 00000000 FLAT	Length= 00000000 External STDCALL
SetConsoleCursorPosition . . . .	P Near	 00000000 FLAT	Length= 00000000 External STDCALL
SetConsoleScreenBufferSize . . .	P Near	 00000000 FLAT	Length= 00000000 External STDCALL
SetConsoleTextAttribute  . . . .	P Near	 00000000 FLAT	Length= 00000000 External STDCALL
SetConsoleTitleA . . . . . . . .	P Near	 00000000 FLAT	Length= 00000000 External STDCALL
StdIn  . . . . . . . . . . . . .	P Near	 00000000 FLAT	Length= 00000000 External STDCALL
StdOut . . . . . . . . . . . . .	P Near	 00000000 FLAT	Length= 00000000 External STDCALL
URLDownloadToFileA . . . . . . .	P Near	 00000000 FLAT	Length= 00000000 External STDCALL
VirtualProtect . . . . . . . . .	P Near	 00000000 FLAT	Length= 00000000 External STDCALL
shell_ex . . . . . . . . . . . .	P Near	 00000000 FLAT	Length= 00000000 External STDCALL
shell  . . . . . . . . . . . . .	P Near	 00000000 FLAT	Length= 00000000 External STDCALL
wait_key . . . . . . . . . . . .	P Near	 00000000 FLAT	Length= 00000000 External STDCALL


Symbols:

                N a m e                 Type     Value    Attr

??0000 . . . . . . . . . . . . .	Byte	 00000043 _DATA	
??0001 . . . . . . . . . . . . .	Text   	 "
??0002 . . . . . . . . . . . . .	Byte	 00000042 _DATA	
??0004 . . . . . . . . . . . . .	L Near	 0000002A _TEXT	
??0005 . . . . . . . . . . . . .	Number	 00000000h   
??0006 . . . . . . . . . . . . .	Byte	 00000062 _DATA	
??000E . . . . . . . . . . . . .	Byte	 00000055 _DATA	
??000F . . . . . . . . . . . . .	Text   	 "
??0010 . . . . . . . . . . . . .	Byte	 00000054 _DATA	
??0012 . . . . . . . . . . . . .	L Near	 0000005D _TEXT	
??0013 . . . . . . . . . . . . .	Number	 00000000h   
??0014 . . . . . . . . . . . . .	Byte	 00000068 _DATA	
??0016 . . . . . . . . . . . . .	Byte	 0000006B _DATA	
??0017 . . . . . . . . . . . . .	Text   	 o
??0018 . . . . . . . . . . . . .	Byte	 0000006A _DATA	
??0019 . . . . . . . . . . . . .	L Near	 000000A0 _TEXT	
??001A . . . . . . . . . . . . .	L Near	 000000D6 _TEXT	
??001B . . . . . . . . . . . . .	Number	 00000000h   
??001C . . . . . . . . . . . . .	Byte	 00000133 _DATA	
??001E . . . . . . . . . . . . .	Byte	 00000136 _DATA	
??001F . . . . . . . . . . . . .	Text   	 o
??0020 . . . . . . . . . . . . .	Byte	 00000135 _DATA	
??0021 . . . . . . . . . . . . .	L Near	 000000F9 _TEXT	
??0022 . . . . . . . . . . . . .	L Near	 0000012F _TEXT	
??0023 . . . . . . . . . . . . .	Number	 00000000h   
??0024 . . . . . . . . . . . . .	Byte	 0000020C _DATA	
??002C . . . . . . . . . . . . .	Byte	 000001FF _DATA	
??002D . . . . . . . . . . . . .	Text   	 "
??002E . . . . . . . . . . . . .	Byte	 000001FE _DATA	
??0030 . . . . . . . . . . . . .	L Near	 00000162 _TEXT	
??0031 . . . . . . . . . . . . .	Number	 00000000h   
??0032 . . . . . . . . . . . . .	Byte	 00000212 _DATA	
??0034 . . . . . . . . . . . . .	Byte	 00000215 _DATA	
??0035 . . . . . . . . . . . . .	Text   	 o
??0036 . . . . . . . . . . . . .	Byte	 00000214 _DATA	
??0037 . . . . . . . . . . . . .	L Near	 000001A2 _TEXT	
??0038 . . . . . . . . . . . . .	L Near	 000001D8 _TEXT	
??0039 . . . . . . . . . . . . .	Number	 00000000h   
??003A . . . . . . . . . . . . .	Byte	 000002DD _DATA	
??003C . . . . . . . . . . . . .	Byte	 000002E0 _DATA	
??003D . . . . . . . . . . . . .	Text   	 o
??003E . . . . . . . . . . . . .	Byte	 000002DF _DATA	
??003F . . . . . . . . . . . . .	L Near	 000001FE _TEXT	
??0040 . . . . . . . . . . . . .	L Near	 00000234 _TEXT	
??0041 . . . . . . . . . . . . .	Number	 00000000h   
??0042 . . . . . . . . . . . . .	Byte	 000003A8 _DATA	
??0044 . . . . . . . . . . . . .	Byte	 000003AB _DATA	
??0045 . . . . . . . . . . . . .	Text   	 o
??0046 . . . . . . . . . . . . .	Byte	 000003AA _DATA	
??0047 . . . . . . . . . . . . .	L Near	 00000257 _TEXT	
??0048 . . . . . . . . . . . . .	L Near	 0000028D _TEXT	
??0049 . . . . . . . . . . . . .	Number	 00000000h   
??004A . . . . . . . . . . . . .	Byte	 00000481 _DATA	
??0052 . . . . . . . . . . . . .	Byte	 00000474 _DATA	
??0053 . . . . . . . . . . . . .	Text   	 "
??0054 . . . . . . . . . . . . .	Byte	 00000473 _DATA	
??0056 . . . . . . . . . . . . .	L Near	 000002C0 _TEXT	
??0057 . . . . . . . . . . . . .	Number	 00000000h   
??0058 . . . . . . . . . . . . .	Byte	 00000487 _DATA	
??005A . . . . . . . . . . . . .	Byte	 0000048A _DATA	
??005B . . . . . . . . . . . . .	Text   	 o
??005C . . . . . . . . . . . . .	Byte	 00000489 _DATA	
??005D . . . . . . . . . . . . .	L Near	 00000303 _TEXT	
??005E . . . . . . . . . . . . .	L Near	 00000339 _TEXT	
??005F . . . . . . . . . . . . .	Number	 00000000h   
??0060 . . . . . . . . . . . . .	Byte	 00000552 _DATA	
??0062 . . . . . . . . . . . . .	Byte	 00000555 _DATA	
??0063 . . . . . . . . . . . . .	Text   	 o
??0064 . . . . . . . . . . . . .	Byte	 00000554 _DATA	
??0065 . . . . . . . . . . . . .	L Near	 0000035C _TEXT	
??0066 . . . . . . . . . . . . .	L Near	 00000392 _TEXT	
??0067 . . . . . . . . . . . . .	Number	 00000000h   
??0069 . . . . . . . . . . . . .	L Near	 000003DD _TEXT	
??006A . . . . . . . . . . . . .	L Near	 00000445 _TEXT	
??006B . . . . . . . . . . . . .	L Near	 0000049F _TEXT	
??006C . . . . . . . . . . . . .	L Near	 00000503 _TEXT	
??0070 . . . . . . . . . . . . .	Byte	 0000061E _DATA	
??0071 . . . . . . . . . . . . .	Text   	 "
??0072 . . . . . . . . . . . . .	Byte	 0000061D _DATA	
??0074 . . . . . . . . . . . . .	L Near	 000003C5 _TEXT	
??0075 . . . . . . . . . . . . .	Number	 00000000h   
??0076 . . . . . . . . . . . . .	Byte	 0000062B _DATA	
??0078 . . . . . . . . . . . . .	Byte	 0000062E _DATA	
??0079 . . . . . . . . . . . . .	Text   	 o
??007A . . . . . . . . . . . . .	Byte	 0000062D _DATA	
??007B . . . . . . . . . . . . .	L Near	 00000404 _TEXT	
??007C . . . . . . . . . . . . .	L Near	 0000043A _TEXT	
??007D . . . . . . . . . . . . .	Number	 00000000h   
??007E . . . . . . . . . . . . .	Byte	 000006F6 _DATA	
??0080 . . . . . . . . . . . . .	Byte	 000006F9 _DATA	
??0081 . . . . . . . . . . . . .	Text   	 o
??0082 . . . . . . . . . . . . .	Byte	 000006F8 _DATA	
??0083 . . . . . . . . . . . . .	L Near	 0000045F _TEXT	
??0084 . . . . . . . . . . . . .	L Near	 00000495 _TEXT	
??0085 . . . . . . . . . . . . .	Number	 00000000h   
??0086 . . . . . . . . . . . . .	Byte	 000007C1 _DATA	
??0088 . . . . . . . . . . . . .	Byte	 000007C4 _DATA	
??0089 . . . . . . . . . . . . .	Text   	 o
??008A . . . . . . . . . . . . .	Byte	 000007C3 _DATA	
??008B . . . . . . . . . . . . .	L Near	 000004C4 _TEXT	
??008C . . . . . . . . . . . . .	L Near	 000004FA _TEXT	
??008D . . . . . . . . . . . . .	Number	 00000000h   
??008E . . . . . . . . . . . . .	Byte	 0000088C _DATA	
??0090 . . . . . . . . . . . . .	Byte	 0000088F _DATA	
??0091 . . . . . . . . . . . . .	Text   	 o
??0092 . . . . . . . . . . . . .	Byte	 0000088E _DATA	
??0093 . . . . . . . . . . . . .	L Near	 0000051D _TEXT	
??0094 . . . . . . . . . . . . .	L Near	 00000553 _TEXT	
??0095 . . . . . . . . . . . . .	Number	 00000000h   
??0096 . . . . . . . . . . . . .	Byte	 00000957 _DATA	
??0098 . . . . . . . . . . . . .	Byte	 0000095A _DATA	
??0099 . . . . . . . . . . . . .	Text   	 o
??009A . . . . . . . . . . . . .	Byte	 00000959 _DATA	
??009B . . . . . . . . . . . . .	L Near	 00000579 _TEXT	
??009C . . . . . . . . . . . . .	L Near	 000005AF _TEXT	
??009D . . . . . . . . . . . . .	Number	 00000000h   
??009E . . . . . . . . . . . . .	Byte	 00000A22 _DATA	
??00A0 . . . . . . . . . . . . .	Byte	 00000A25 _DATA	
??00A1 . . . . . . . . . . . . .	Text   	 o
??00A2 . . . . . . . . . . . . .	Byte	 00000A24 _DATA	
??00A3 . . . . . . . . . . . . .	L Near	 000005D2 _TEXT	
??00A4 . . . . . . . . . . . . .	L Near	 00000608 _TEXT	
??00A5 . . . . . . . . . . . . .	Number	 00000000h   
??00A7 . . . . . . . . . . . . .	L Near	 00000727 _TEXT	
??00A8 . . . . . . . . . . . . .	L Near	 0000078F _TEXT	
??00A9 . . . . . . . . . . . . .	L Near	 000007E9 _TEXT	
??00AA . . . . . . . . . . . . .	L Near	 0000084D _TEXT	
??00AB . . . . . . . . . . . . .	L Near	 00000659 _TEXT	
??00AC . . . . . . . . . . . . .	L Near	 000006C1 _TEXT	
??00AD . . . . . . . . . . . . .	L Near	 0000071B _TEXT	
??00AE . . . . . . . . . . . . .	Byte	 00000AEE _DATA	
??00AF . . . . . . . . . . . . .	Text   	 "
??00B0 . . . . . . . . . . . . .	Byte	 00000AED _DATA	
??00B2 . . . . . . . . . . . . .	L Near	 0000063B _TEXT	
??00B3 . . . . . . . . . . . . .	Number	 00000000h   
??00B4 . . . . . . . . . . . . .	Byte	 00000AFB _DATA	
??00B6 . . . . . . . . . . . . .	Byte	 00000AFE _DATA	
??00B7 . . . . . . . . . . . . .	Text   	 o
??00B8 . . . . . . . . . . . . .	Byte	 00000AFD _DATA	
??00B9 . . . . . . . . . . . . .	L Near	 00000680 _TEXT	
??00BA . . . . . . . . . . . . .	L Near	 000006B6 _TEXT	
??00BB . . . . . . . . . . . . .	Number	 00000000h   
??00BC . . . . . . . . . . . . .	Byte	 00000BC6 _DATA	
??00BE . . . . . . . . . . . . .	Byte	 00000BC9 _DATA	
??00BF . . . . . . . . . . . . .	Text   	 o
??00C0 . . . . . . . . . . . . .	Byte	 00000BC8 _DATA	
??00C1 . . . . . . . . . . . . .	L Near	 000006DB _TEXT	
??00C2 . . . . . . . . . . . . .	L Near	 00000711 _TEXT	
??00C3 . . . . . . . . . . . . .	Number	 00000000h   
??00C4 . . . . . . . . . . . . .	Byte	 00000C91 _DATA	
??00C6 . . . . . . . . . . . . .	Byte	 00000C94 _DATA	
??00C7 . . . . . . . . . . . . .	Text   	 o
??00C8 . . . . . . . . . . . . .	Byte	 00000C93 _DATA	
??00C9 . . . . . . . . . . . . .	L Near	 0000074E _TEXT	
??00CA . . . . . . . . . . . . .	L Near	 00000784 _TEXT	
??00CB . . . . . . . . . . . . .	Number	 00000000h   
??00CC . . . . . . . . . . . . .	Byte	 00000D5C _DATA	
??00CE . . . . . . . . . . . . .	Byte	 00000D5F _DATA	
??00CF . . . . . . . . . . . . .	Text   	 o
??00D0 . . . . . . . . . . . . .	Byte	 00000D5E _DATA	
??00D1 . . . . . . . . . . . . .	L Near	 000007A9 _TEXT	
??00D2 . . . . . . . . . . . . .	L Near	 000007DF _TEXT	
??00D3 . . . . . . . . . . . . .	Number	 00000000h   
??00D4 . . . . . . . . . . . . .	Byte	 00000E27 _DATA	
??00D6 . . . . . . . . . . . . .	Byte	 00000E2A _DATA	
??00D7 . . . . . . . . . . . . .	Text   	 o
??00D8 . . . . . . . . . . . . .	Byte	 00000E29 _DATA	
??00D9 . . . . . . . . . . . . .	L Near	 0000080E _TEXT	
??00DA . . . . . . . . . . . . .	L Near	 00000844 _TEXT	
??00DB . . . . . . . . . . . . .	Number	 00000000h   
??00DC . . . . . . . . . . . . .	Byte	 00000EF2 _DATA	
??00DE . . . . . . . . . . . . .	Byte	 00000EF5 _DATA	
??00DF . . . . . . . . . . . . .	Text   	 o
??00E0 . . . . . . . . . . . . .	Byte	 00000EF4 _DATA	
??00E1 . . . . . . . . . . . . .	L Near	 00000867 _TEXT	
??00E2 . . . . . . . . . . . . .	L Near	 0000089D _TEXT	
??00E3 . . . . . . . . . . . . .	Number	 00000000h   
??00E4 . . . . . . . . . . . . .	Byte	 00000FBD _DATA	
??00E6 . . . . . . . . . . . . .	Byte	 00000FC0 _DATA	
??00E7 . . . . . . . . . . . . .	Text   	 o
??00E8 . . . . . . . . . . . . .	Byte	 00000FBF _DATA	
??00E9 . . . . . . . . . . . . .	L Near	 000008C3 _TEXT	
??00EA . . . . . . . . . . . . .	L Near	 000008F9 _TEXT	
??00EB . . . . . . . . . . . . .	Number	 00000000h   
??00EC . . . . . . . . . . . . .	Byte	 00001088 _DATA	
??00EE . . . . . . . . . . . . .	Byte	 0000108B _DATA	
??00EF . . . . . . . . . . . . .	Text   	 o
??00F0 . . . . . . . . . . . . .	Byte	 0000108A _DATA	
??00F1 . . . . . . . . . . . . .	L Near	 0000091C _TEXT	
??00F2 . . . . . . . . . . . . .	L Near	 00000952 _TEXT	
??00F3 . . . . . . . . . . . . .	Number	 00000000h   
??00F4 . . . . . . . . . . . . .	Byte	 00001160 _DATA	
??00FC . . . . . . . . . . . . .	Byte	 00001154 _DATA	
??00FD . . . . . . . . . . . . .	Text   	 "
??00FE . . . . . . . . . . . . .	Byte	 00001153 _DATA	
??0100 . . . . . . . . . . . . .	L Near	 00000985 _TEXT	
??0101 . . . . . . . . . . . . .	Number	 00000000h   
??0102 . . . . . . . . . . . . .	Byte	 00001168 _DATA	
??0104 . . . . . . . . . . . . .	Byte	 0000116B _DATA	
??0105 . . . . . . . . . . . . .	Text   	 o
??0106 . . . . . . . . . . . . .	Byte	 0000116A _DATA	
??0107 . . . . . . . . . . . . .	L Near	 000009C8 _TEXT	
??0108 . . . . . . . . . . . . .	L Near	 000009FE _TEXT	
??0109 . . . . . . . . . . . . .	Number	 00000000h   
??010A . . . . . . . . . . . . .	Byte	 00001233 _DATA	
??010C . . . . . . . . . . . . .	Byte	 00001236 _DATA	
??010D . . . . . . . . . . . . .	Text   	 o
??010E . . . . . . . . . . . . .	Byte	 00001235 _DATA	
??010F . . . . . . . . . . . . .	L Near	 00000A21 _TEXT	
??0110 . . . . . . . . . . . . .	L Near	 00000A57 _TEXT	
??0111 . . . . . . . . . . . . .	Number	 00000000h   
??0112 . . . . . . . . . . . . .	Byte	 0000130B _DATA	
??011A . . . . . . . . . . . . .	Byte	 000012FF _DATA	
??011B . . . . . . . . . . . . .	Text   	 "
??011C . . . . . . . . . . . . .	Byte	 000012FE _DATA	
??011E . . . . . . . . . . . . .	L Near	 00000A90 _TEXT	
??011F . . . . . . . . . . . . .	Number	 00000000h   
??0120 . . . . . . . . . . . . .	Byte	 00001313 _DATA	
??0122 . . . . . . . . . . . . .	Byte	 00001316 _DATA	
??0123 . . . . . . . . . . . . .	Text   	 o
??0124 . . . . . . . . . . . . .	Byte	 00001315 _DATA	
??0125 . . . . . . . . . . . . .	L Near	 00000ACC _TEXT	
??0126 . . . . . . . . . . . . .	L Near	 00000B02 _TEXT	
??0127 . . . . . . . . . . . . .	Number	 00000000h   
??0128 . . . . . . . . . . . . .	Byte	 000013DE _DATA	
??012A . . . . . . . . . . . . .	Byte	 000013E1 _DATA	
??012B . . . . . . . . . . . . .	Text   	 o
??012C . . . . . . . . . . . . .	Byte	 000013E0 _DATA	
??012D . . . . . . . . . . . . .	L Near	 00000B25 _TEXT	
??012E . . . . . . . . . . . . .	L Near	 00000B5B _TEXT	
??012F . . . . . . . . . . . . .	Number	 00000000h   
??0130 . . . . . . . . . . . . .	Byte	 000014B7 _DATA	
??0138 . . . . . . . . . . . . .	Byte	 000014AA _DATA	
??0139 . . . . . . . . . . . . .	Text   	 "
??013A . . . . . . . . . . . . .	Byte	 000014A9 _DATA	
??013C . . . . . . . . . . . . .	L Near	 00000B8E _TEXT	
??013D . . . . . . . . . . . . .	Number	 00000000h   
??013E . . . . . . . . . . . . .	Byte	 000014BF _DATA	
??0140 . . . . . . . . . . . . .	Byte	 000014C2 _DATA	
??0141 . . . . . . . . . . . . .	Text   	 o
??0142 . . . . . . . . . . . . .	Byte	 000014C1 _DATA	
??0143 . . . . . . . . . . . . .	L Near	 00000BD1 _TEXT	
??0144 . . . . . . . . . . . . .	L Near	 00000C07 _TEXT	
??0145 . . . . . . . . . . . . .	Number	 00000000h   
??0146 . . . . . . . . . . . . .	Byte	 0000158A _DATA	
??0148 . . . . . . . . . . . . .	Byte	 0000158D _DATA	
??0149 . . . . . . . . . . . . .	Text   	 o
??014A . . . . . . . . . . . . .	Byte	 0000158C _DATA	
??014B . . . . . . . . . . . . .	L Near	 00000C2A _TEXT	
??014C . . . . . . . . . . . . .	L Near	 00000C60 _TEXT	
??014D . . . . . . . . . . . . .	Byte	 00001656 _DATA	
??014E . . . . . . . . . . . . .	Text   	 o
??014F . . . . . . . . . . . . .	Byte	 00001655 _DATA	
??0150 . . . . . . . . . . . . .	L Near	 00000C9A _TEXT	
??0151 . . . . . . . . . . . . .	L Near	 00000CD0 _TEXT	
??0152 . . . . . . . . . . . . .	Number	 00000000h   
??0153 . . . . . . . . . . . . .	Byte	 0000171E _DATA	
??0155 . . . . . . . . . . . . .	Byte	 00001721 _DATA	
??0156 . . . . . . . . . . . . .	Text   	 o
??0157 . . . . . . . . . . . . .	Byte	 00001720 _DATA	
??0158 . . . . . . . . . . . . .	L Near	 00000CF3 _TEXT	
??0159 . . . . . . . . . . . . .	L Near	 00000D29 _TEXT	
??015A . . . . . . . . . . . . .	Number	 00000000h   
??015B . . . . . . . . . . . . .	Byte	 000017E9 _DATA	
??015D . . . . . . . . . . . . .	Byte	 000017EC _DATA	
??015E . . . . . . . . . . . . .	Text   	 o
??015F . . . . . . . . . . . . .	Byte	 000017EB _DATA	
??0160 . . . . . . . . . . . . .	L Near	 00000D4C _TEXT	
??0161 . . . . . . . . . . . . .	L Near	 00000D82 _TEXT	
??0162 . . . . . . . . . . . . .	Number	 00000000h   
??0163 . . . . . . . . . . . . .	Byte	 000018B4 _DATA	
??0165 . . . . . . . . . . . . .	Byte	 000018B7 _DATA	
??0166 . . . . . . . . . . . . .	Text   	 o
??0167 . . . . . . . . . . . . .	Byte	 000018B6 _DATA	
??0168 . . . . . . . . . . . . .	L Near	 00000DA5 _TEXT	
??0169 . . . . . . . . . . . . .	L Near	 00000DDB _TEXT	
??016A . . . . . . . . . . . . .	Number	 00000000h   
??016B . . . . . . . . . . . . .	Byte	 0000197F _DATA	
??016D . . . . . . . . . . . . .	Byte	 00001982 _DATA	
??016E . . . . . . . . . . . . .	Text   	 o
??016F . . . . . . . . . . . . .	Byte	 00001981 _DATA	
??0170 . . . . . . . . . . . . .	L Near	 00000DFE _TEXT	
??0171 . . . . . . . . . . . . .	L Near	 00000E34 _TEXT	
??0172 . . . . . . . . . . . . .	Byte	 00001A4B _DATA	
??0173 . . . . . . . . . . . . .	Text   	 o
??0174 . . . . . . . . . . . . .	Byte	 00001A4A _DATA	
??0175 . . . . . . . . . . . . .	L Near	 00000E6D _TEXT	
??0176 . . . . . . . . . . . . .	L Near	 00000EA3 _TEXT	
??0177 . . . . . . . . . . . . .	Number	 00000000h   
??0178 . . . . . . . . . . . . .	Byte	 00001B13 _DATA	
??017A . . . . . . . . . . . . .	Byte	 00001B16 _DATA	
??017B . . . . . . . . . . . . .	Text   	 o
??017C . . . . . . . . . . . . .	Byte	 00001B15 _DATA	
??017D . . . . . . . . . . . . .	L Near	 00000EC6 _TEXT	
??017E . . . . . . . . . . . . .	L Near	 00000EFC _TEXT	
??017F . . . . . . . . . . . . .	Number	 00000000h   
??0180 . . . . . . . . . . . . .	Byte	 00001BDE _DATA	
??0182 . . . . . . . . . . . . .	Byte	 00001BE1 _DATA	
??0183 . . . . . . . . . . . . .	Text   	 o
??0184 . . . . . . . . . . . . .	Byte	 00001BE0 _DATA	
??0185 . . . . . . . . . . . . .	L Near	 00000F1F _TEXT	
??0186 . . . . . . . . . . . . .	L Near	 00000F55 _TEXT	
??0187 . . . . . . . . . . . . .	Number	 00000000h   
??0188 . . . . . . . . . . . . .	Byte	 00001CA9 _DATA	
??018A . . . . . . . . . . . . .	Byte	 00001CAC _DATA	
??018B . . . . . . . . . . . . .	Text   	 o
??018C . . . . . . . . . . . . .	Byte	 00001CAB _DATA	
??018D . . . . . . . . . . . . .	L Near	 00000F78 _TEXT	
??018E . . . . . . . . . . . . .	L Near	 00000FAE _TEXT	
??018F . . . . . . . . . . . . .	Number	 00000000h   
??0190 . . . . . . . . . . . . .	Byte	 00001D74 _DATA	
??0192 . . . . . . . . . . . . .	Byte	 00001D77 _DATA	
??0193 . . . . . . . . . . . . .	Text   	 o
??0194 . . . . . . . . . . . . .	Byte	 00001D76 _DATA	
??0195 . . . . . . . . . . . . .	L Near	 00000FD1 _TEXT	
??0196 . . . . . . . . . . . . .	L Near	 00001007 _TEXT	
??0197 . . . . . . . . . . . . .	Number	 00000000h   
??0198 . . . . . . . . . . . . .	Byte	 00001E3F _DATA	
??019A . . . . . . . . . . . . .	Byte	 00001E42 _DATA	
??019B . . . . . . . . . . . . .	Text   	 o
??019C . . . . . . . . . . . . .	Byte	 00001E41 _DATA	
??019D . . . . . . . . . . . . .	L Near	 0000102F _TEXT	
??019E . . . . . . . . . . . . .	L Near	 00001065 _TEXT	
??019F . . . . . . . . . . . . .	Number	 00000000h   
??01A0 . . . . . . . . . . . . .	Byte	 00001F0A _DATA	
??01A2 . . . . . . . . . . . . .	Byte	 00001F0D _DATA	
??01A3 . . . . . . . . . . . . .	Text   	 o
??01A4 . . . . . . . . . . . . .	Byte	 00001F0C _DATA	
??01A5 . . . . . . . . . . . . .	L Near	 00001088 _TEXT	
??01A6 . . . . . . . . . . . . .	L Near	 000010BE _TEXT	
??CommonHeapElemSize . . . . . .	DWord	 00000004 _DATA	
??ConsoleMode  . . . . . . . . .	Byte	 00000008 _DATA	
??TotalHeapAllocated . . . . . .	DWord	 00000000 _DATA	
??sTime  . . . . . . . . . . . .	SystemTime  00000009 _DATA	
@CodeSize  . . . . . . . . . . .	Number	 00000000h   
@DataSize  . . . . . . . . . . .	Number	 00000000h   
@Interface . . . . . . . . . . .	Number	 00000003h   
@Model . . . . . . . . . . . . .	Number	 00000007h   
@code  . . . . . . . . . . . . .	Text   	 _TEXT
@data  . . . . . . . . . . . . .	Text   	 FLAT
@fardata?  . . . . . . . . . . .	Text   	 FLAT
@fardata . . . . . . . . . . . .	Text   	 FLAT
@stack . . . . . . . . . . . . .	Text   	 FLAT
AllocConsole@0 . . . . . . . . .	L Near	 00000000 FLAT	External STDCALL
Black  . . . . . . . . . . . . .	Number	 00000000h   
Blue . . . . . . . . . . . . . .	Number	 00000001h   
Bright . . . . . . . . . . . . .	Number	 00000008h   
Brown  . . . . . . . . . . . . .	Number	 00000006h   
CharToOem  . . . . . . . . . . .	Text   	 CharToOemA
Cls  . . . . . . . . . . . . . .	Text   	 ClrScr
Cyan . . . . . . . . . . . . . .	Number	 00000003h   
DarkGray . . . . . . . . . . . .	Number	 00000008h   
Dispose  . . . . . . . . . . . .	Text   	 dispose
Exit . . . . . . . . . . . . . .	Text   	 exit
Flush  . . . . . . . . . . . . .	Text   	 flush
FreeConsole@0  . . . . . . . . .	L Near	 00000000 FLAT	External STDCALL
GMEM_FIXED . . . . . . . . . . .	Number	 00000000h   
GMEM_ZEROINIT  . . . . . . . . .	Number	 00000040h   
GetCommandLine . . . . . . . . .	Text   	 GetCommandLineA
GetModuleHandle  . . . . . . . .	Text   	 GetModuleHandleA
GotoXY . . . . . . . . . . . . .	Text   	 gotoXY
Green  . . . . . . . . . . . . .	Number	 00000002h   
IDABORT  . . . . . . . . . . . .	Number	 00000003h   
IDCANCEL . . . . . . . . . . . .	Number	 00000002h   
IDIGNORE . . . . . . . . . . . .	Number	 00000005h   
IDNO . . . . . . . . . . . . . .	Number	 00000007h   
IDOK . . . . . . . . . . . . . .	Number	 00000001h   
IDRETRY  . . . . . . . . . . . .	Number	 00000004h   
IDYES  . . . . . . . . . . . . .	Number	 00000006h   
InChar . . . . . . . . . . . . .	Text   	 inchar
InInt  . . . . . . . . . . . . .	Text   	 inint
Inchar . . . . . . . . . . . . .	Text   	 inchar
InintLn  . . . . . . . . . . . .	Text   	 inintln
Inintln  . . . . . . . . . . . .	Text   	 inintln
Inint  . . . . . . . . . . . . .	Text   	 inint
LANG_NEUTRAL . . . . . . . . . .	Number	 00000000h   
LightBlue  . . . . . . . . . . .	Number	 00000009h   
LightGray  . . . . . . . . . . .	Number	 00000007h   
LightGreen . . . . . . . . . . .	Number	 0000000Ah   
LightMagenta . . . . . . . . . .	Number	 0000000Dh   
LightRed . . . . . . . . . . . .	Number	 0000000Ch   
MB_ABORTRETRYIGNORE  . . . . . .	Number	 00000002h   
MB_CANCELTRYCONTINUE . . . . . .	Number	 00000006h   
MB_DEFBUTTON1  . . . . . . . . .	Number	 00000000h   
MB_DEFBUTTON2  . . . . . . . . .	Number	 00000100h   
MB_DEFBUTTON3  . . . . . . . . .	Number	 00000200h   
MB_DEFBUTTON4  . . . . . . . . .	Number	 00000300h   
MB_HELP  . . . . . . . . . . . .	Number	 00004000h   
MB_ICONASTERISK  . . . . . . . .	Number	 00000040h   
MB_ICONEXCLAMATION . . . . . . .	Number	 00000030h   
MB_ICONQUESTION  . . . . . . . .	Number	 00000020h   
MB_ICONSTOP  . . . . . . . . . .	Number	 00000010h   
MB_OKCANCEL  . . . . . . . . . .	Number	 00000001h   
MB_OK  . . . . . . . . . . . . .	Number	 00000000h   
MB_RETRYCANCEL . . . . . . . . .	Number	 00000005h   
MB_RIGHT . . . . . . . . . . . .	Number	 00080000h   
MB_SYSTEMMODAL . . . . . . . . .	Number	 00001000h   
MB_USERICON  . . . . . . . . . .	Number	 00000080h   
MB_YESNOCANCEL . . . . . . . . .	Number	 00000003h   
MB_YESNO . . . . . . . . . . . .	Number	 00000004h   
Magenta  . . . . . . . . . . . .	Number	 00000005h   
MessageBoxIndirect . . . . . . .	Text   	 MessageBoxIndirectA
MessageBox . . . . . . . . . . .	Text   	 MessageBoxA
NULL . . . . . . . . . . . . . .	Number	 00000000h   
NewLine  . . . . . . . . . . . .	Text   	 newline
Newline  . . . . . . . . . . . .	Text   	 newline
New  . . . . . . . . . . . . . .	Text   	 new
OutChar  . . . . . . . . . . . .	Text   	 outchar
OutDateLn  . . . . . . . . . . .	Text   	 outdateln
OutDateln  . . . . . . . . . . .	Text   	 outdateln
OutDate  . . . . . . . . . . . .	Text   	 outdate
OutIntLn . . . . . . . . . . . .	Text   	 outintln
OutInt . . . . . . . . . . . . .	Text   	 outint
OutNumLn . . . . . . . . . . . .	Text   	 outnumln
OutNumln . . . . . . . . . . . .	Text   	 outnumln
OutNum . . . . . . . . . . . . .	Text   	 outnum
OutStrLn . . . . . . . . . . . .	Text   	 outstrln
OutStr . . . . . . . . . . . . .	Text   	 outstr
OutTimeLn  . . . . . . . . . . .	Text   	 outtimeln
OutTimeln  . . . . . . . . . . .	Text   	 outtimeln
OutTime  . . . . . . . . . . . .	Text   	 outtime
OutWordLn  . . . . . . . . . . .	Text   	 outwordln
OutWord  . . . . . . . . . . . .	Text   	 outword
OutintLn . . . . . . . . . . . .	Text   	 outintln
Outintln . . . . . . . . . . . .	Text   	 outintln
Outint . . . . . . . . . . . . .	Text   	 outint
OutstrLn . . . . . . . . . . . .	Text   	 outstrln
OutwordLn  . . . . . . . . . . .	Text   	 outwordln
Outword  . . . . . . . . . . . .	Text   	 outword
PAGE_EXECUTE_READWRITE . . . . .	Number	 00000040h   
PAGE_EXECUTE_READ  . . . . . . .	Number	 00000020h   
PAGE_EXECUTE_WRITECOPY . . . . .	Number	 00000080h   
PAGE_EXECUTE . . . . . . . . . .	Number	 00000010h   
PAGE_NOACCESS  . . . . . . . . .	Number	 00000001h   
PAGE_READONLY  . . . . . . . . .	Number	 00000002h   
PAGE_READWRITE . . . . . . . . .	Number	 00000004h   
PAGE_WRITECOPY . . . . . . . . .	Number	 00000008h   
Pause  . . . . . . . . . . . . .	Text   	 pause
ReadKey  . . . . . . . . . . . .	Text   	 readkey
Red  . . . . . . . . . . . . . .	Number	 00000004h   
STD_ERROR_HANDLE . . . . . . . .	Number	 -0000000Ch   
STD_INPUT_HANDLE . . . . . . . .	Number	 -0000000Ah   
STD_OUTPUT_HANDLE  . . . . . . .	Number	 -0000000Bh   
SetConsoleTitle  . . . . . . . .	Text   	 SetConsoleTitleA
Start  . . . . . . . . . . . . .	L Near	 00000000 _TEXT	Public STDCALL
URLDownloadToFile  . . . . . . .	Text   	 URLDownloadToFileA
White  . . . . . . . . . . . . .	Number	 0000000Fh   
X  . . . . . . . . . . . . . . .	DWord	 00000019 _DATA	
Yellow . . . . . . . . . . . . .	Number	 0000000Eh   
Y  . . . . . . . . . . . . . . .	QWord	 0000001D _DATA	
_imp__printf . . . . . . . . . .	DWord	 00000000 FLAT	External STDCALL
_imp__sprintf  . . . . . . . . .	DWord	 00000000 FLAT	External STDCALL
black  . . . . . . . . . . . . .	Number	 00000000h   
blue . . . . . . . . . . . . . .	Number	 00000001h   
bright . . . . . . . . . . . . .	Number	 00000008h   
brown  . . . . . . . . . . . . .	Number	 00000006h   
buf  . . . . . . . . . . . . . .	Byte	 0000002D _DATA	
clrscr . . . . . . . . . . . . .	Text   	 ClrScr
crt_printf . . . . . . . . . . .	Text   	 _imp__printf
crt_sprintf  . . . . . . . . . .	Text   	 _imp__sprintf
cyan . . . . . . . . . . . . . .	Number	 00000003h   
darkgray . . . . . . . . . . . .	Number	 00000008h   
fmt  . . . . . . . . . . . . . .	Byte	 00000025 _DATA	
gotoxy . . . . . . . . . . . . .	Text   	 gotoXY
green  . . . . . . . . . . . . .	Number	 00000002h   
heapblocksize  . . . . . . . . .	Text   	 HeapBlockSize
inint_proc@0 . . . . . . . . . .	L Near	 00000000 FLAT	External STDCALL
inputstr . . . . . . . . . . . .	Text   	 InputStr
lightblue  . . . . . . . . . . .	Number	 00000009h   
lightgray  . . . . . . . . . . .	Number	 00000007h   
lightgreen . . . . . . . . . . .	Number	 0000000Ah   
lightmagenta . . . . . . . . . .	Number	 0000000Dh   
lightred . . . . . . . . . . . .	Number	 0000000Ch   
magenta  . . . . . . . . . . . .	Number	 00000005h   
nil  . . . . . . . . . . . . . .	DWord 	 00000000h   
outintLn . . . . . . . . . . . .	Text   	 outintln
outwordLn  . . . . . . . . . . .	Text   	 outwordln
red  . . . . . . . . . . . . . .	Number	 00000004h   
settextattr  . . . . . . . . . .	Text   	 SetTextAttr
whereX . . . . . . . . . . . . .	Text   	 WhereX
whereY . . . . . . . . . . . . .	Text   	 WhereY
wherex . . . . . . . . . . . . .	Text   	 WhereX
wherey . . . . . . . . . . . . .	Text   	 WhereY
white  . . . . . . . . . . . . .	Number	 0000000Fh   
yellow . . . . . . . . . . . . .	Number	 0000000Eh   

	   0 Warnings
	   0 Errors
